mode: atomic
map/routing-service/internal/config/config.go:13.20,15.16 2 2
map/routing-service/internal/config/config.go:15.16,17.3 1 1
map/routing-service/internal/config/config.go:19.2,19.27 1 2
map/routing-service/internal/graph/architecture.go:26.51,26.66 1 0
map/routing-service/internal/graph/architecture.go:28.62,31.35 3 2
map/routing-service/internal/graph/architecture.go:31.35,32.18 1 4
map/routing-service/internal/graph/architecture.go:32.18,34.4 1 0
map/routing-service/internal/graph/architecture.go:35.3,38.87 2 4
map/routing-service/internal/graph/architecture.go:40.2,40.12 1 2
map/routing-service/internal/graph/architecture.go:43.99,45.38 2 2
map/routing-service/internal/graph/architecture.go:45.38,46.51 1 2
map/routing-service/internal/graph/architecture.go:46.51,48.4 1 1
map/routing-service/internal/graph/architecture.go:49.3,50.56 2 1
map/routing-service/internal/graph/architecture.go:50.56,52.4 1 2
map/routing-service/internal/graph/architecture.go:54.2,54.31 1 1
map/routing-service/internal/graph/architecture.go:57.58,59.2 1 1
map/routing-service/internal/graph/architecture.go:61.72,64.2 2 1
map/routing-service/internal/graph/architecture.go:72.63,72.79 1 0
map/routing-service/internal/graph/architecture.go:74.74,76.35 2 2
map/routing-service/internal/graph/architecture.go:76.35,77.18 1 4
map/routing-service/internal/graph/architecture.go:77.18,79.4 1 0
map/routing-service/internal/graph/architecture.go:80.3,80.37 1 4
map/routing-service/internal/graph/architecture.go:80.37,83.4 2 4
map/routing-service/internal/graph/architecture.go:84.3,84.40 1 4
map/routing-service/internal/graph/architecture.go:86.2,86.12 1 2
map/routing-service/internal/graph/architecture.go:89.111,91.38 2 2
map/routing-service/internal/graph/architecture.go:91.38,92.50 1 2
map/routing-service/internal/graph/architecture.go:92.50,94.4 1 1
map/routing-service/internal/graph/architecture.go:95.3,95.34 1 1
map/routing-service/internal/graph/architecture.go:97.2,97.31 1 1
map/routing-service/internal/graph/architecture.go:100.70,102.2 1 1
map/routing-service/internal/graph/architecture.go:104.84,105.49 1 1
map/routing-service/internal/graph/architecture.go:105.49,107.3 1 0
map/routing-service/internal/graph/architecture.go:108.2,108.37 1 1
map/routing-service/internal/graph/architecture.go:111.31,112.18 1 4
map/routing-service/internal/graph/architecture.go:112.18,114.3 1 0
map/routing-service/internal/graph/architecture.go:115.2,115.14 1 4
map/routing-service/internal/handler/routing_handler.go:10.58,13.2 2 1
map/routing-service/internal/handler/routing_handler.go:15.55,21.2 2 1
map/routing-service/internal/router/low_stress.go:8.70,13.2 4 0
map/routing-service/internal/router/router.go:17.35,18.14 1 14
map/routing-service/internal/router/router.go:18.14,20.3 1 3
map/routing-service/internal/router/router.go:21.2,21.12 1 11
map/routing-service/internal/router/router.go:25.41,26.31 1 6
map/routing-service/internal/router/router.go:26.31,27.22 1 6
map/routing-service/internal/router/router.go:27.22,29.4 1 2
map/routing-service/internal/router/router.go:31.2,31.12 1 4
map/routing-service/internal/router/router.go:35.55,37.26 2 2
map/routing-service/internal/router/router.go:37.26,39.3 1 2
map/routing-service/internal/router/router.go:40.2,40.14 1 2
map/routing-service/internal/router/router.go:44.69,45.44 1 6
map/routing-service/internal/router/router.go:45.44,47.3 1 1
map/routing-service/internal/router/router.go:48.2,48.42 1 5
map/routing-service/internal/router/router.go:48.42,50.3 1 1
map/routing-service/internal/router/router.go:51.2,51.41 1 4
map/routing-service/internal/router/router.go:51.41,53.3 1 1
map/routing-service/internal/router/router.go:54.2,54.18 1 3
map/routing-service/internal/router/router.go:54.18,56.3 1 1
map/routing-service/internal/router/router.go:57.2,57.31 1 2
